// Jest Snapshot v1, https://goo.gl/fbAQLP

exports[`<Label /> snapshot component 1`] = `
<div>
  <span
    class="label-text"
  >
    User Name:
  </span>
</div>
`;
